https://github.com/

allkaa
h...3!
allkaa@yahoo.com
======================================================================================================================
Create new remote empty repository https://github.com/allkaa/custom-server-express

akaarna@unl:~$ cd custom-server-express
akaarna@unl:~/custom-server-express$ ls -A
components  HOC_sample.js    nodeServer.js      packageSaved.json                   README_custom-server-express.md  serverNew.js
.directory  next.config.js   out                packageSavedUsingWithRouter.json    README.md                        serverSaved.js
GitHub.txt  next.config.txt  package.json       packageUsingRouterBasicSample.json  serverExpressOriginal.js         static
.gitignore  node_modules     package-lock.json  pages                               server.js                        .vscode
akaarna@unl:~/custom-server-express$ git init
Initialized empty Git repository in /home/akaarna/custom-server-express/.git/
akaarna@unl:~/custom-server-express$ git commit -m "Fist Commit"
On branch master

Initial commit

Untracked files:
        .directory
        .gitignore
        .vscode/
        GitHub.txt
        HOC_sample.js
        README.md
        README_custom-server-express.md
        components/
        next.config.js
        next.config.txt
        nodeServer.js
        out/
        package-lock.json
        package.json
        packageSaved.json
        packageSavedUsingWithRouter.json
        packageUsingRouterBasicSample.json
        pages/
        server.js
        serverExpressOriginal.js
        serverNew.js
        serverSaved.js
        static/

nothing added to commit but untracked files present
akaarna@unl:~/custom-server-express$ git commit -am "Commit all" 
On branch master

Initial commit

Untracked files:
        .directory
        .gitignore
        .vscode/
        GitHub.txt
        HOC_sample.js
        README.md
        README_custom-server-express.md
        components/
        next.config.js
        next.config.txt
        nodeServer.js
        out/
        package-lock.json
        package.json
        packageSaved.json
        packageSavedUsingWithRouter.json
        packageUsingRouterBasicSample.json
        pages/
        server.js
        serverExpressOriginal.js
        serverNew.js
        serverSaved.js
        static/

nothing added to commit but untracked files present
akaarna@unl:~/custom-server-express$ git add .
akaarna@unl:~/custom-server-express$ git commit -am "Commit all"
[master (root-commit) 3c4f8a7] Commit all
 Committer: AKaarna <akaarna@unl.test>
Your name and email address were configured automatically based
on your username and hostname. Please check that they are accurate.
You can suppress this message by setting them explicitly. Run the
following command and follow the instructions in your editor to edit
your configuration file:

    git config --global --edit

After doing this, you may fix the identity used for this commit with:

    git commit --amend --reset-author

 83 files changed, 41139 insertions(+)
 create mode 100644 .directory
 create mode 100644 .gitignore
 create mode 100644 .vscode/launch.json
 create mode 100644 .vscode/settings.json
 create mode 100644 GitHub.txt
 create mode 100644 HOC_sample.js
 create mode 100644 README.md
 create mode 100644 README_custom-server-express.md
 create mode 100644 components/ActiveLink.js
 create mode 100644 components/Header.js
 create mode 100644 next.config.js
 create mode 100644 next.config.txt
 create mode 100644 nodeServer.js
 create mode 100644 out/404.html
 create mode 100644 out/_next/static/chunks/0.js
 create mode 100644 out/_next/static/chunks/0.js.map
 create mode 100644 out/_next/static/chunks/commons.3efbe59769cf17aaa06b.js
 create mode 100644 out/_next/static/development/dll/dll_599a58a60c43245180de.js
 create mode 100644 out/_next/static/development/pages/_app.js
 create mode 100644 out/_next/static/development/pages/_app.js.map
 create mode 100644 out/_next/static/development/pages/_error.js
 create mode 100644 out/_next/static/development/pages/_error.js.map
 create mode 100644 out/_next/static/kANuGcZ85VXQskS~Ccktq/pages/_app.js
 create mode 100644 out/_next/static/kANuGcZ85VXQskS~Ccktq/pages/_error.js
 create mode 100644 out/_next/static/kANuGcZ85VXQskS~Ccktq/pages/a.js
 create mode 100644 out/_next/static/kANuGcZ85VXQskS~Ccktq/pages/b.js
 create mode 100644 out/_next/static/kANuGcZ85VXQskS~Ccktq/pages/c.js
 create mode 100644 out/_next/static/kANuGcZ85VXQskS~Ccktq/pages/index.js
 create mode 100644 out/_next/static/kANuGcZ85VXQskS~Ccktq/pages/posts.js
 create mode 100644 out/_next/static/runtime/main-88597af5412732140193.js
 create mode 100644 out/_next/static/runtime/main.js
 create mode 100644 out/_next/static/runtime/main.js.map
 create mode 100644 out/_next/static/runtime/webpack-f0c6edbea5b547edc23f.js
 create mode 100644 out/_next/static/runtime/webpack.js
 create mode 100644 out/_next/static/runtime/webpack.js.map
 create mode 100644 out/a/index.html
 create mode 100644 out/b/index.html
 create mode 100644 out/c/index.html
 create mode 100644 out/index.html
 create mode 100644 out/index/index.html
 create mode 100644 out/posts/index.html
 create mode 100644 out/static/my-image.png
 create mode 100644 out/static/style.css
 create mode 100644 package-lock.json
 create mode 100644 package.json
 create mode 100644 packageSaved.json
 create mode 100644 packageSavedUsingWithRouter.json
 create mode 100644 packageUsingRouterBasicSample.json
 create mode 100644 pages/_app.js
 create mode 100644 pages/_appLayout.txt
 create mode 100644 pages/_appLoadingIndicator.txt
 create mode 100644 pages/_app_SavedWithNoWorksElements.txt
 create mode 100644 pages/_document.js
 create mode 100644 pages/_document.txt
 create mode 100644 pages/a.txt
 create mode 100644 pages/about.LoadingIndicatortxt
 create mode 100644 pages/about.js
 create mode 100644 pages/about.txt
 create mode 100644 pages/aboutRouterTest.txt
 create mode 100644 pages/b.txt
 create mode 100644 pages/c.txt
 create mode 100644 pages/error.txt
 create mode 100644 pages/forever.js
 create mode 100644 pages/forever.txt
 create mode 100644 pages/index.js
 create mode 100644 pages/indexLayout.txt
 create mode 100644 pages/indexLoadingIndicator.txt
 create mode 100644 pages/indexSaved.txt
 create mode 100644 pages/indexSaved2.txt
 create mode 100644 pages/indexWithRouter.txt
 create mode 100644 pages/post.txt
 create mode 100644 pages/postsRouterTest.txt
 create mode 100644 pages/postsSaved.txt
 create mode 100644 pages/readmore.txt
 create mode 100644 pages/setup.txt
 create mode 100644 server.js
 create mode 100644 serverExpressOriginal.js
 create mode 100644 serverNew.js
 create mode 100644 serverSaved.js
 create mode 100644 static/favicon.ico
 create mode 100644 static/my-image.png
 create mode 100644 static/nprogress.css
 create mode 100644 static/style.css
akaarna@unl:~/custom-server-express$ git remote add origin https://github.com/allkaa/custom-server-express.git
akaarna@unl:~/custom-server-express$ git push -u origin master
Username for 'https://github.com': allkaa
Password for 'https://allkaa@github.com': 
Counting objects: 100, done.
Delta compression using up to 8 threads.
Compressing objects: 100% (88/88), done.
Writing objects: 100% (100/100), 988.18 KiB | 0 bytes/s, done.
Total 100 (delta 15), reused 0 (delta 0)
remote: Resolving deltas: 100% (15/15), done.
To https://github.com/allkaa/custom-server-express.git
 * [new branch]      master -> master
Branch master set up to track remote branch master from origin.
akaarna@unl:~/custom-server-express$ 
======================================================================================================================
===================================================
Create new remote empty repository https://github.com/allkaa/nodejstest:

and then
git remote add origin https://github.com/allkaa/nodejstest.git
git push -u origin master

akaarna@debian930:~$ cd nodejs
akaarna@debian930:~/nodejs$ ls -a
.   apps.js     EventEmitterSample.js  formidableFormFileUpload.js  main.js     myfirstOld.js  oopjs.js      square.js          .vscode
..  .directory  FileUploadbodyGet.js   .git                         myfirst.js  oojs.js        sleepTest.js  UrlParseSample.js

akaarna@debian930:~/nodejs$ git remote add origin https://github.com/allkaa/nodejstest.git

akaarna@debian930:~/nodejs$ git push -u origin master
Username for 'https://github.com': allkaa
Password for 'https://allkaa@github.com': 
Counting objects: 122, done.
Delta compression using up to 8 threads.
Compressing objects: 100% (119/119), done.
Writing objects: 100% (122/122), 29.23 KiB | 0 bytes/s, done.
Total 122 (delta 55), reused 0 (delta 0)
remote: Resolving deltas: 100% (55/55), done.
To https://github.com/allkaa/nodejstest.git
 * [new branch]      master -> master
Branch master set up to track remote branch master from origin.

akaarna@debian930:~/nodejs$ 
===================================================
https://www.taniarascia.com/getting-started-with-git/



https://github.com/

allkaa
h...3!
allkaa@yahoo.com

https://github.com/allkaa/

https://guides.github.com/introduction/git-handbook/

first learning repository:
allkaa/hello-world

akaarna@debian930:~/scripts$ git clone https://github.com/mdn/learning-area
Cloning into 'learning-area'...
remote: Counting objects: 2916, done.
remote: Compressing objects: 100% (40/40), done.
remote: Total 2916 (delta 21), reused 20 (delta 9), pack-reused 2866
Receiving objects: 100% (2916/2916), 78.75 MiB | 2.99 MiB/s, done.
Resolving deltas: 100% (1384/1384), done.
akaarna@debian930:~/scripts$ 


akaarna@debian930:~/scripts$ cd learning-area
akaarna@debian930:~/scripts/learning-area$ ls
accessibility  css  html  javascript  LICENSE  README.md  tools-testing
akaarna@debian930:~/scripts/learning-area$ 

You can update the learning-area repository with any changes made to the master version on GitHub with the following steps:
In your command prompt/terminal, go inside the learning-area directory using cd.
For example, if you were in the parent directory:
    $ cd learning-area
Update the repository using the following command:
    $ git pull

Create new remote empty repository:
https://github.com/allkaa/testsite

akaarna@debian930:~/scripts/learning-area$ cd ~
akaarna@debian930:~$ cd web-projects/test-site
akaarna@debian930:~/web-projects/test-site$ ls
images  index.html  scripts  styles
akaarna@debian930:~/web-projects/test-site$ git remote add origin https://github.com/allkaa/testsite.git
akaarna@debian930:~/web-projects/test-site$ git push -u origin master
Username for 'https://github.com': allkaa
Password for 'https://allkaa@github.com': 
Counting objects: 5, done.
Delta compression using up to 8 threads.
Compressing objects: 100% (5/5), done.
Writing objects: 100% (5/5), 39.16 KiB | 0 bytes/s, done.
Total 5 (delta 0), reused 0 (delta 0)
To https://github.com/allkaa/testsite.git
 * [new branch]      master -> master
Branch master set up to track remote branch master from origin.

created README.md

akaarna@debian930:~/web-projects/test-site$ git push --set-upstream origin master
Username for 'https://github.com': allkaa
Password for 'https://allkaa@github.com': 
Counting objects: 3, done.
Delta compression using up to 8 threads.
Compressing objects: 100% (2/2), done.
Writing objects: 100% (3/3), 340 bytes | 0 bytes/s, done.
Total 3 (delta 0), reused 0 (delta 0)
To https://github.com/allkaa/testsite.git
   8e7d3ad..34e1a2c  master -> master
Branch master set up to track remote branch master from origin.

modifying README.md

akaarna@debian930:~/web-projects/test-site$ git push --set-upstream origin master
Username for 'https://github.com': allkaa
Password for 'https://allkaa@github.com': 
Counting objects: 3, done.
Delta compression using up to 8 threads.
Compressing objects: 100% (2/2), done.
Writing objects: 100% (3/3), 349 bytes | 0 bytes/s, done.
Total 3 (delta 0), reused 0 (delta 0)
To https://github.com/allkaa/testsite.git
   34e1a2c..66e6538  master -> master
Branch master set up to track remote branch master from origin.

akaarna@debian930:~/web-projects/test-site$ git add README.md
akaarna@debian930:~/web-projects/test-site$ git commit -m "add README to initial commit"
On branch master
Your branch is up-to-date with 'origin/master'.
nothing to commit, working tree clean

akaarna@debian930:~/web-projects/test-site$ git push --set-upstream origin master
Username for 'https://github.com': allkaa
Password for 'https://allkaa@github.com': 
Branch master set up to track remote branch master from origin.
Everything up-to-date

akaarna@debian930:~/web-projects/test-site$ 

README.md modification #2

akaarna@debian930:~/web-projects/test-site$ git push
Username for 'https://github.com': allkaa
Password for 'https://allkaa@github.com': 
Counting objects: 3, done.
Delta compression using up to 8 threads.
Compressing objects: 100% (2/2), done.
Writing objects: 100% (3/3), 375 bytes | 0 bytes/s, done.
Total 3 (delta 0), reused 0 (delta 0)
To https://github.com/allkaa/testsite.git
   66e6538..0419a8c  master -> master
akaarna@debian930:~/web-projects/test-site$ 

README.md remote modification #3

akaarna@debian930:~/web-projects/test-site$ git pull
remote: Counting objects: 3, done.
remote: Compressing objects: 100% (3/3), done.
remote: Total 3 (delta 0), reused 0 (delta 0), pack-reused 0
Unpacking objects: 100% (3/3), done.
From https://github.com/allkaa/testsite
   0419a8c..d0ab95c  master     -> origin/master
Updating 0419a8c..d0ab95c
Fast-forward
 README.md | 3 ++-
 1 file changed, 2 insertions(+), 1 deletion(-)
akaarna@debian930:~/web-projects/test-site$ 

Rename images/ png file locally:

akaarna@debian930:~/web-projects/test-site$ git push
Username for 'https://github.com': allkaa
Password for 'https://allkaa@github.com': 
Counting objects: 3, done.
Delta compression using up to 8 threads.
Compressing objects: 100% (2/2), done.
Writing objects: 100% (3/3), 366 bytes | 0 bytes/s, done.
Total 3 (delta 0), reused 0 (delta 0)
To https://github.com/allkaa/testsite.git
   d0ab95c..22382b3  master -> master
akaarna@debian930:~/web-projects/test-site$ 

modification index.html locally:

akaarna@debian930:~/web-projects/test-site$ git push
Username for 'https://github.com': allkaa
Password for 'https://allkaa@github.com': 
Counting objects: 3, done.
Delta compression using up to 8 threads.
Compressing objects: 100% (3/3), done.
Writing objects: 100% (3/3), 314 bytes | 0 bytes/s, done.
Total 3 (delta 2), reused 0 (delta 0)
remote: Resolving deltas: 100% (2/2), completed with 2 local objects.
To https://github.com/allkaa/testsite.git
   22382b3..4e62604  master -> master
akaarna@debian930:~/web-projects/test-site$ 

===================================================
Create new remote empty repository https://github.com/allkaa/express-locallibrary-tutorial:

and then
https://github.com/allkaa/express-locallibrary-tutorial
git remote add origin https://github.com/allkaa/express-locallibrary-tutorial.git
git push -u origin master

akaarna@debian930:~/express-locallibrary-tutorial$ git remote add origin https://github.com/allkaa/express-locallibrary-tutorial.git
akaarna@debian930:~/express-locallibrary-tutorial$ git push -u origin master
Username for 'https://github.com': allkaa
Password for 'https://allkaa@github.com': 
Counting objects: 5977, done.
Delta compression using up to 8 threads.
Compressing objects: 100% (5536/5536), done.
Writing objects: 100% (5977/5977), 4.85 MiB | 1.64 MiB/s, done.
Total 5977 (delta 1065), reused 0 (delta 0)
remote: Resolving deltas: 100% (1065/1065), done.
remote: 
remote: Create a pull request for 'master' on GitHub by visiting:
remote:      https://github.com/allkaa/express-locallibrary-tutorial/pull/new/master
remote: 
To https://github.com/allkaa/express-locallibrary-tutorial.git
 * [new branch]      master -> master
Branch master set up to track remote branch master from origin.
akaarna@debian930:~/express-locallibrary-tutorial$ 

